# chartsnap: snapshot_version=v3
---
# Source: wandb-base/templates/pdb.yaml
apiVersion: policy/v1
kind: PodDisruptionBudget
metadata:
  name: chartsnap-wandb-base
  labels:
    helm.sh/chart: '###CHART_VERSION###'
    app.kubernetes.io/name: wandb-base
    app.kubernetes.io/instance: chartsnap
    app.kubernetes.io/managed-by: Helm
spec:
  selector:
    matchExpressions:
    - key: batch.kubernetes.io/job-name
      operator: DoesNotExist
    matchLabels:
      app.kubernetes.io/name: wandb-base
      app.kubernetes.io/instance: chartsnap
  maxUnavailable: 1
---
# Source: wandb-base/templates/serviceaccount.yaml
apiVersion: v1
kind: ServiceAccount
metadata:
  name: chartsnap-wandb-base
  labels:
    helm.sh/chart: '###CHART_VERSION###'
    app.kubernetes.io/name: wandb-base
    app.kubernetes.io/instance: chartsnap
    app.kubernetes.io/managed-by: Helm
automountServiceAccountToken: true
---
# Source: wandb-base/templates/job.yaml
apiVersion: batch/v1
kind: Job
metadata:
  name: chartsnap-test
  labels:
    helm.sh/chart: '###CHART_VERSION###'
    app.kubernetes.io/name: wandb-base
    app.kubernetes.io/instance: chartsnap
    app.kubernetes.io/managed-by: Helm
spec:
  template:
    metadata:
      labels:
        helm.sh/chart: wandb-base-0.11.7
        app.kubernetes.io/name: wandb-base
        app.kubernetes.io/instance: chartsnap
        app.kubernetes.io/managed-by: Helm
    spec:
      containers:
      - name: test
        command:
        - /bin/bash
        args:
        - -c
        - |
          ls -hal /config/
        envFrom:
        env:
        securityContext:
          allowPrivilegeEscalation: false
          capabilities:
            add: []
            drop: []
          privileged: false
          readOnlyRootFilesystem: false
        image: "debian:12-slim"
        imagePullPolicy:
        volumeMounts:
        - mountPath: /config/
          name: shared-config
      initContainers:
      - name: start
        command:
        - /bin/bash
        args:
        - -c
        - |
          ls -hal /config/
        envFrom:
        env:
        securityContext:
          allowPrivilegeEscalation: false
          capabilities:
            add: []
            drop: []
          privileged: false
          readOnlyRootFilesystem: false
        image: "debian:12-slim"
        imagePullPolicy:
        volumeMounts:
        - mountPath: /config/
          name: shared-config
      restartPolicy: Never
      serviceAccountName: chartsnap-wandb-base
      securityContext:
        fsGroup: 0
        fsGroupChangePolicy: OnRootMismatch
        runAsGroup: 0
        runAsNonRoot: true
        runAsUser: 999
        seccompProfile:
          type: RuntimeDefault
      topologySpreadConstraints:
      - labelSelector:
          matchLabels:
            app.kubernetes.io/instance: chartsnap
            app.kubernetes.io/name: wandb-base
        maxSkew: 1
        topologyKey: topology.kubernetes.io/zone
        whenUnsatisfiable: ScheduleAnyway
      - labelSelector:
          matchLabels:
            app.kubernetes.io/instance: chartsnap
            app.kubernetes.io/name: wandb-base
        maxSkew: 1
        topologyKey: kubernetes.io/hostname
        whenUnsatisfiable: ScheduleAnyway
      volumes:
      - emptyDir: {}
        name: shared-config
